// Jest Snapshot v1, https://goo.gl/fbAQLP

exports[`renders correctly 1`] = `
<Text
  style={
    Object {
      "fontSize": 11,
      "marginBottom": 10,
    }
  }
>
  yesterday
</Text>
`;
